I'm sorry, but errors were detected in your script. Please correct the
errors listed below, and try again.


File "game/chapter1.rpy", line 43: expected statement.
    i = 0
      ^

Ren'Py Version: Ren'Py 7.3.5.606
Sat Nov 21 22:51:27 2020
